2026-07-03 16:48:55 | INFO    | ============================================================
2026-07-03 16:48:55 | INFO    | 参数化开始: sample_id=S001, side=R
2026-07-03 16:48:55 | INFO    | 日志文件: D:\YHC\人头项目\ear_project\output\logs\S001_R_parameterize_20260703_164855.log
2026-07-03 16:48:55 | INFO    | ============================================================
2026-07-03 16:48:55 | DEBUG   | 加载 mesh: D:\YHC\人头项目\ear_project\data\clean_mesh\S001_R.ply
2026-07-03 16:48:55 | DEBUG   |   -> 顶点数=3000, 面数=5782
2026-07-03 16:48:55 | DEBUG   | 加载特征点: D:\YHC\人头项目\ear_project\data\landmarks\S001_R_landmarks.csv
2026-07-03 16:48:55 | DEBUG   | 读取 CSV: D:\YHC\人头项目\ear_project\data\landmarks\S001_R_landmarks.csv (encoding=utf-8)
2026-07-03 16:48:55 | DEBUG   |   -> 加载了 13 个特征点
2026-07-03 16:48:55 | INFO    |   [T001] 耳甲腔上区: A=L10, B=L13, C=L31, r=8, 预期点数=45
2026-07-03 16:48:55 | DEBUG   |     A(L10) = (-2.51, 0.00, 5.35)
2026-07-03 16:48:55 | DEBUG   |     B(L13) = (-8.80, 3.00, 9.57)
2026-07-03 16:48:55 | DEBUG   |     C(L31) = (1.57, -1.80, 6.24)
2026-07-03 16:48:55 | DEBUG   |     无 patch 文件, 从 full mesh 投影筛选...
2026-07-03 16:48:55 | DEBUG   |     投影筛选后源点数=127 (全mesh顶点=3000)
2026-07-03 16:48:55 | DEBUG   |     去重前源点数=130
2026-07-03 16:48:55 | DEBUG   |     去重后源点数=130
2026-07-03 16:48:55 | DEBUG   |     目标采样点数=45
2026-07-03 16:48:55 | INFO    |     [T001] 完成: 源点=130, 采样点=45/45, 兜底率=0.00%, 插值器=LinearNDInterpolator
2026-07-03 16:48:55 | INFO    |   [T002] 耳甲腔前下区: A=L10, B=L19, C=L21, r=8, 预期点数=45
2026-07-03 16:48:55 | DEBUG   |     A(L10) = (-2.51, 0.00, 5.35)
2026-07-03 16:48:55 | DEBUG   |     B(L19) = (-8.81, 12.00, 13.71)
2026-07-03 16:48:55 | DEBUG   |     C(L21) = (-2.52, 13.80, 7.93)
2026-07-03 16:48:55 | DEBUG   |     无 patch 文件, 从 full mesh 投影筛选...
2026-07-03 16:48:55 | DEBUG   |     投影筛选后源点数=217 (全mesh顶点=3000)
2026-07-03 16:48:55 | DEBUG   |     去重前源点数=220
2026-07-03 16:48:55 | DEBUG   |     去重后源点数=220
2026-07-03 16:48:55 | DEBUG   |     目标采样点数=45
2026-07-03 16:48:55 | INFO    |     [T002] 完成: 源点=220, 采样点=45/45, 兜底率=0.00%, 插值器=LinearNDInterpolator
2026-07-03 16:48:55 | INFO    |   [T003] 耳屏对耳屏区: A=L19, B=L20, C=L21, r=6, 预期点数=28
2026-07-03 16:48:55 | DEBUG   |     A(L19) = (-8.81, 12.00, 13.71)
2026-07-03 16:48:55 | DEBUG   |     B(L20) = (3.78, 10.80, 13.72)
2026-07-03 16:48:55 | DEBUG   |     C(L21) = (-2.52, 13.80, 7.93)
2026-07-03 16:48:55 | DEBUG   |     无 patch 文件, 从 full mesh 投影筛选...
2026-07-03 16:48:55 | DEBUG   |     投影筛选后源点数=593 (全mesh顶点=3000)
2026-07-03 16:48:55 | DEBUG   |     去重前源点数=596
2026-07-03 16:48:55 | DEBUG   |     去重后源点数=596
2026-07-03 16:48:55 | DEBUG   |     目标采样点数=28
2026-07-03 16:48:55 | INFO    |     [T003] 完成: 源点=596, 采样点=28/28, 兜底率=0.00%, 插值器=LinearNDInterpolator
2026-07-03 16:48:55 | INFO    |   [T004] 耳道入口区: A=L28, B=L29, C=L30, r=5, 预期点数=21
2026-07-03 16:48:55 | DEBUG   |     A(L28) = (-3.78, 7.80, 4.80)
2026-07-03 16:48:55 | DEBUG   |     B(L29) = (-3.78, 11.40, 6.47)
2026-07-03 16:48:55 | DEBUG   |     C(L30) = (-3.78, 9.60, 5.37)
2026-07-03 16:48:55 | DEBUG   |     无 patch 文件, 从 full mesh 投影筛选...
2026-07-03 16:48:55 | DEBUG   |     投影筛选后源点数=5 (全mesh顶点=3000)
2026-07-03 16:48:55 | ERROR   |     [T004] 源点过少: 8 < 10
2026-07-03 16:48:55 | ERROR   | 区域 T004 处理失败: 区域 T004 源点不足 (仅 8 个)
2026-07-03 16:48:55 | INFO    |   [T005] 耳根上后区: A=L07, B=L15, C=L31, r=6, 预期点数=28
2026-07-03 16:48:55 | DEBUG   |     A(L07) = (1.57, -9.00, 10.55)
2026-07-03 16:48:55 | DEBUG   |     B(L15) = (7.82, -3.00, 13.46)
2026-07-03 16:48:55 | DEBUG   |     C(L31) = (1.57, -1.80, 6.24)
2026-07-03 16:48:55 | DEBUG   |     无 patch 文件, 从 full mesh 投影筛选...
2026-07-03 16:48:55 | DEBUG   |     投影筛选后源点数=80 (全mesh顶点=3000)
2026-07-03 16:48:55 | DEBUG   |     去重前源点数=83
2026-07-03 16:48:55 | DEBUG   |     去重后源点数=83
2026-07-03 16:48:55 | DEBUG   |     目标采样点数=28
2026-07-03 16:48:55 | INFO    |     [T005] 完成: 源点=83, 采样点=28/28, 兜底率=0.00%, 插值器=LinearNDInterpolator
2026-07-03 16:48:55 | INFO    |   [S001] 完成: 总点数=146, QC: PASS=4 WARNING=0 FAIL=1
