2026-07-06 09:06:48 | DEBUG   | 加载 mesh: D:\YHC\人头项目\ear_project\data\clean_mesh\S001_R.ply
2026-07-06 09:06:48 | DEBUG   |   -> 顶点数=6400, 面数=12482
2026-07-06 09:06:48 | DEBUG   | 加载特征点: D:\YHC\人头项目\ear_project\data\landmarks\S001_R_landmarks.csv
2026-07-06 09:06:48 | DEBUG   | 读取 CSV: D:\YHC\人头项目\ear_project\data\landmarks\S001_R_landmarks.csv (encoding=utf-8)
2026-07-06 09:06:48 | DEBUG   |   -> 加载了 13 个特征点
2026-07-06 09:06:48 | INFO    |   [S001_R] 处理区域 T001: 耳甲腔上区
2026-07-06 09:06:48 | DEBUG   |     三角形顶点: A(L10)=[-6.9607 -3.1146 11.728 ], B(L29)=[-3.4203 23.8997  8.0866], C(L28)=[-3.4567 14.8707  7.2001]
2026-07-06 09:06:48 | DEBUG   |     源点数: 366 (从 6400 个顶点中裁剪)
2026-07-06 09:06:48 | DEBUG   |     目标采样网格: resolution=8, 点数=45
2026-07-06 09:06:48 | INFO    |     -> 源点=366, 采样点=45, 兜底=0(0.0%), 状态=PASS
2026-07-06 09:06:48 | INFO    |   [S001_R] 处理区域 T002: 耳甲腔下区
2026-07-06 09:06:48 | DEBUG   |     三角形顶点: A(L10)=[-6.9607 -3.1146 11.728 ], B(L31)=[ 3.4023 -6.1281 10.6645], C(L30)=[-3.3184 11.7782  6.7214]
2026-07-06 09:06:48 | DEBUG   |     源点数: 378 (从 6400 个顶点中裁剪)
2026-07-06 09:06:48 | DEBUG   |     目标采样网格: resolution=8, 点数=45
2026-07-06 09:06:48 | INFO    |     -> 源点=378, 采样点=45, 兜底=0(0.0%), 状态=PASS
2026-07-06 09:06:48 | INFO    |   [S001_R] 处理区域 T003: 耳甲腔前区
2026-07-06 09:06:48 | DEBUG   |     三角形顶点: A(L10)=[-6.9607 -3.1146 11.728 ], B(L28)=[-3.4567 14.8707  7.2001], C(L30)=[-3.3184 11.7782  6.7214]
2026-07-06 09:06:48 | DEBUG   |     源点数: 116 (从 6400 个顶点中裁剪)
2026-07-06 09:06:48 | DEBUG   |     目标采样网格: resolution=8, 点数=45
2026-07-06 09:06:48 | DEBUG   |     LinearNDInterpolator 出现 2 个 NaN 采样点, 使用 cKDTree 最近邻兜底.
2026-07-06 09:06:48 | INFO    |     -> 源点=116, 采样点=45, 兜底=2(4.4%), 状态=PASS
2026-07-06 09:06:48 | INFO    |   [S001_R] 处理区域 T004: 耳屏区
2026-07-06 09:06:48 | DEBUG   |     三角形顶点: A(L19)=[-13.9599  35.8238   3.4595], B(L21)=[-3.5163 35.7524 12.4431], C(L28)=[-3.4567 14.8707  7.2001]
2026-07-06 09:06:48 | DEBUG   |     源点数: 782 (从 6400 个顶点中裁剪)
2026-07-06 09:06:48 | DEBUG   |     目标采样网格: resolution=6, 点数=28
2026-07-06 09:06:48 | INFO    |     -> 源点=782, 采样点=28, 兜底=0(0.0%), 状态=PASS
2026-07-06 09:06:48 | INFO    |   [S001_R] 处理区域 T005: 对耳屏区
2026-07-06 09:06:48 | DEBUG   |     三角形顶点: A(L20)=[12.2611 35.8435  4.2661], B(L21)=[-3.5163 35.7524 12.4431], C(L15)=[15.7464  8.8433  0.4524]
2026-07-06 09:06:48 | DEBUG   |     源点数: 1008 (从 6400 个顶点中裁剪)
2026-07-06 09:06:48 | DEBUG   |     目标采样网格: resolution=6, 点数=28
2026-07-06 09:06:48 | INFO    |     -> 源点=1008, 采样点=28, 兜底=0(0.0%), 状态=PASS
2026-07-06 09:06:48 | INFO    |   [S001] 完成: 总点数=191, QC: PASS=5 WARNING=0 FAIL=0
