2026-07-06 09:06:48 | DEBUG   | 加载 mesh: D:\YHC\人头项目\ear_project\data\clean_mesh\S002_R.ply
2026-07-06 09:06:48 | DEBUG   |   -> 顶点数=6400, 面数=12482
2026-07-06 09:06:48 | DEBUG   | 加载特征点: D:\YHC\人头项目\ear_project\data\landmarks\S002_R_landmarks.csv
2026-07-06 09:06:48 | DEBUG   | 读取 CSV: D:\YHC\人头项目\ear_project\data\landmarks\S002_R_landmarks.csv (encoding=utf-8)
2026-07-06 09:06:48 | DEBUG   |   -> 加载了 13 个特征点
2026-07-06 09:06:48 | INFO    |   [S002_R] 处理区域 T001: 耳甲腔上区
2026-07-06 09:06:48 | DEBUG   |     三角形顶点: A(L10)=[-7.281  -2.9505 11.866 ], B(L29)=[-3.7775 24.0727  8.269 ], C(L28)=[-3.7679 14.8081  7.2975]
2026-07-06 09:06:48 | DEBUG   |     源点数: 402 (从 6400 个顶点中裁剪)
2026-07-06 09:06:48 | DEBUG   |     目标采样网格: resolution=8, 点数=45
2026-07-06 09:06:48 | INFO    |     -> 源点=402, 采样点=45, 兜底=0(0.0%), 状态=PASS
2026-07-06 09:06:48 | INFO    |   [S002_R] 处理区域 T002: 耳甲腔下区
2026-07-06 09:06:48 | DEBUG   |     三角形顶点: A(L10)=[-7.281  -2.9505 11.866 ], B(L31)=[ 3.4027 -6.0754 10.8242], C(L30)=[-3.8591 11.8185  7.1335]
2026-07-06 09:06:48 | DEBUG   |     源点数: 388 (从 6400 个顶点中裁剪)
2026-07-06 09:06:48 | DEBUG   |     目标采样网格: resolution=8, 点数=45
2026-07-06 09:06:48 | INFO    |     -> 源点=388, 采样点=45, 兜底=0(0.0%), 状态=PASS
2026-07-06 09:06:48 | INFO    |   [S002_R] 处理区域 T003: 耳甲腔前区
2026-07-06 09:06:48 | DEBUG   |     三角形顶点: A(L10)=[-7.281  -2.9505 11.866 ], B(L28)=[-3.7679 14.8081  7.2975], C(L30)=[-3.8591 11.8185  7.1335]
2026-07-06 09:06:48 | DEBUG   |     源点数: 102 (从 6400 个顶点中裁剪)
2026-07-06 09:06:48 | DEBUG   |     目标采样网格: resolution=8, 点数=45
2026-07-06 09:06:48 | DEBUG   |     LinearNDInterpolator 出现 1 个 NaN 采样点, 使用 cKDTree 最近邻兜底.
2026-07-06 09:06:48 | INFO    |     -> 源点=102, 采样点=45, 兜底=1(2.2%), 状态=PASS
2026-07-06 09:06:48 | INFO    |   [S002_R] 处理区域 T004: 耳屏区
2026-07-06 09:06:48 | DEBUG   |     三角形顶点: A(L19)=[-14.182   35.8543   3.6465], B(L21)=[-3.6724 35.8812 12.5708], C(L28)=[-3.7679 14.8081  7.2975]
2026-07-06 09:06:48 | DEBUG   |     源点数: 759 (从 6400 个顶点中裁剪)
2026-07-06 09:06:48 | DEBUG   |     目标采样网格: resolution=6, 点数=28
2026-07-06 09:06:48 | INFO    |     -> 源点=759, 采样点=28, 兜底=0(0.0%), 状态=PASS
2026-07-06 09:06:48 | INFO    |   [S002_R] 处理区域 T005: 对耳屏区
2026-07-06 09:06:48 | DEBUG   |     三角形顶点: A(L20)=[12.1804 35.9855  4.416 ], B(L21)=[-3.6724 35.8812 12.5708], C(L15)=[15.3756  8.9432  0.7491]
2026-07-06 09:06:48 | DEBUG   |     源点数: 1030 (从 6400 个顶点中裁剪)
2026-07-06 09:06:48 | DEBUG   |     目标采样网格: resolution=6, 点数=28
2026-07-06 09:06:48 | INFO    |     -> 源点=1030, 采样点=28, 兜底=0(0.0%), 状态=PASS
2026-07-06 09:06:48 | INFO    |   [S002] 完成: 总点数=191, QC: PASS=5 WARNING=0 FAIL=0
