2026-07-06 09:22:42 | DEBUG   | 加载 mesh: D:\YHC\人头项目\ear_project\data\clean_mesh\S003_R.ply
2026-07-06 09:22:42 | DEBUG   |   -> 顶点数=6400, 面数=12482
2026-07-06 09:22:42 | DEBUG   | 加载特征点: D:\YHC\人头项目\ear_project\data\landmarks\S003_R_landmarks.csv
2026-07-06 09:22:42 | DEBUG   | 读取 CSV: D:\YHC\人头项目\ear_project\data\landmarks\S003_R_landmarks.csv (encoding=utf-8)
2026-07-06 09:22:42 | DEBUG   |   -> 加载了 13 个特征点
2026-07-06 09:22:42 | INFO    |   [S003_R] 处理区域 T001: 耳甲腔上区
2026-07-06 09:22:42 | DEBUG   |     三角形顶点: A(L10)=[-6.876  -3.066  11.3321], B(L29)=[-3.3802 24.0648  7.9043], C(L28)=[-3.4422 15.0188  7.0951]
2026-07-06 09:22:42 | DEBUG   |     源点数: 315 (从 6400 个顶点中裁剪)
2026-07-06 09:22:42 | DEBUG   |     目标采样网格: resolution=8, 点数=45
2026-07-06 09:22:42 | INFO    |     -> 源点=315, 采样点=45, 兜底=0(0.0%), 状态=PASS
2026-07-06 09:22:42 | INFO    |   [S003_R] 处理区域 T002: 耳甲腔下区
2026-07-06 09:22:42 | DEBUG   |     三角形顶点: A(L10)=[-6.876  -3.066  11.3321], B(L31)=[ 3.6591 -6.1571 10.243 ], C(L30)=[-3.3691 11.9599  6.5499]
2026-07-06 09:22:42 | DEBUG   |     源点数: 381 (从 6400 个顶点中裁剪)
2026-07-06 09:22:42 | DEBUG   |     目标采样网格: resolution=8, 点数=45
2026-07-06 09:22:42 | INFO    |     -> 源点=381, 采样点=45, 兜底=0(0.0%), 状态=PASS
2026-07-06 09:22:42 | INFO    |   [S003_R] 处理区域 T003: 耳甲腔前区
2026-07-06 09:22:42 | DEBUG   |     三角形顶点: A(L10)=[-6.876  -3.066  11.3321], B(L28)=[-3.4422 15.0188  7.0951], C(L30)=[-3.3691 11.9599  6.5499]
2026-07-06 09:22:42 | DEBUG   |     源点数: 117 (从 6400 个顶点中裁剪)
2026-07-06 09:22:42 | DEBUG   |     目标采样网格: resolution=8, 点数=45
2026-07-06 09:22:42 | INFO    |     -> 源点=117, 采样点=45, 兜底=0(0.0%), 状态=PASS
2026-07-06 09:22:42 | INFO    |   [S003_R] 处理区域 T004: 耳屏区
2026-07-06 09:22:42 | DEBUG   |     三角形顶点: A(L19)=[-13.9674  35.8681   3.0348], B(L21)=[-3.4181 35.966  11.9058], C(L28)=[-3.4422 15.0188  7.0951]
2026-07-06 09:22:42 | DEBUG   |     源点数: 761 (从 6400 个顶点中裁剪)
2026-07-06 09:22:42 | DEBUG   |     目标采样网格: resolution=8, 点数=45
2026-07-06 09:22:42 | INFO    |     -> 源点=761, 采样点=45, 兜底=0(0.0%), 状态=PASS
2026-07-06 09:22:42 | INFO    |   [S003_R] 处理区域 T005: 对耳屏区
2026-07-06 09:22:42 | DEBUG   |     三角形顶点: A(L20)=[12.3174 35.9039  3.8803], B(L21)=[-3.4181 35.966  11.9058], C(L15)=[15.9314  8.8105  0.0949]
2026-07-06 09:22:42 | DEBUG   |     源点数: 986 (从 6400 个顶点中裁剪)
2026-07-06 09:22:42 | DEBUG   |     目标采样网格: resolution=8, 点数=45
2026-07-06 09:22:42 | INFO    |     -> 源点=986, 采样点=45, 兜底=0(0.0%), 状态=PASS
2026-07-06 09:22:42 | INFO    |   [S003] 完成: 总点数=225, QC: PASS=5 WARNING=0 FAIL=0
