2026-07-03 16:52:35 | INFO    | ============================================================
2026-07-03 16:52:35 | INFO    | 参数化开始: sample_id=SIMULATION, side=ALL
2026-07-03 16:52:35 | INFO    | 日志文件: D:\YHC\人头项目\ear_project\output\logs\SIMULATION_ALL_parameterize_20260703_165235.log
2026-07-03 16:52:35 | INFO    | ============================================================
2026-07-03 16:52:35 | INFO    | ============================================================
2026-07-03 16:52:35 | INFO    | 开始一键模拟流程
2026-07-03 16:52:35 | INFO    | 项目根目录: D:\YHC\人头项目\ear_project
2026-07-03 16:52:35 | INFO    | ============================================================
2026-07-03 16:52:35 | INFO    | 开始生成模拟数据...
2026-07-03 16:52:35 | INFO    |   生成 S001_R (seed=42)...
2026-07-03 16:52:35 | INFO    |     -> mesh: D:\YHC\人头项目\ear_project\data\clean_mesh\S001_R.ply (顶点=3000, 面=5782)
2026-07-03 16:52:35 | INFO    |     -> landmarks: D:\YHC\人头项目\ear_project\data\landmarks\S001_R_landmarks.csv
2026-07-03 16:52:35 | INFO    |   生成 S002_R (seed=123)...
2026-07-03 16:52:35 | INFO    |     -> mesh: D:\YHC\人头项目\ear_project\data\clean_mesh\S002_R.ply (顶点=3000, 面=5782)
2026-07-03 16:52:35 | INFO    |     -> landmarks: D:\YHC\人头项目\ear_project\data\landmarks\S002_R_landmarks.csv
2026-07-03 16:52:35 | INFO    |   生成 S003_R (seed=999)...
2026-07-03 16:52:35 | INFO    |     -> mesh: D:\YHC\人头项目\ear_project\data\clean_mesh\S003_R.ply (顶点=3000, 面=5782)
2026-07-03 16:52:35 | INFO    |     -> landmarks: D:\YHC\人头项目\ear_project\data\landmarks\S003_R_landmarks.csv
2026-07-03 16:52:35 | INFO    | 模拟数据生成完成.

2026-07-03 16:52:35 | DEBUG   | 读取 CSV: D:\YHC\人头项目\ear_project\config\region_table.csv (encoding=gbk)
2026-07-03 16:52:35 | INFO    | 区域表: 5 个区域
2026-07-03 16:52:35 | INFO    |   T001: resolution=8, 预期点数=45, PCA=1
2026-07-03 16:52:35 | INFO    |   T002: resolution=8, 预期点数=45, PCA=1
2026-07-03 16:52:35 | INFO    |   T003: resolution=6, 预期点数=28, PCA=1
2026-07-03 16:52:35 | INFO    |   T004: resolution=5, 预期点数=21, PCA=1
2026-07-03 16:52:35 | INFO    |   T005: resolution=6, 预期点数=28, PCA=0
2026-07-03 16:52:35 | INFO    | 
============================================================
2026-07-03 16:52:35 | INFO    | 开始批量参数化...
2026-07-03 16:52:35 | INFO    | ============================================================
2026-07-03 16:52:35 | INFO    | 
--- 处理 S001_R ---
2026-07-03 16:52:36 | INFO    | 
--- 处理 S002_R ---
2026-07-03 16:52:36 | INFO    | 
--- 处理 S003_R ---
2026-07-03 16:52:36 | INFO    | 
============================================================
2026-07-03 16:52:36 | INFO    | 批量参数化完成 - 最终摘要
2026-07-03 16:52:36 | INFO    | ============================================================
2026-07-03 16:52:36 | INFO    |   OK S001_R: 总点=167, PASS=5, WARN=0, FAIL=0
2026-07-03 16:52:36 | INFO    |   OK S002_R: 总点=167, PASS=5, WARN=0, FAIL=0
2026-07-03 16:52:36 | INFO    |   OK S003_R: 总点=167, PASS=5, WARN=0, FAIL=0
2026-07-03 16:52:36 | INFO    | 
输出目录:
2026-07-03 16:52:36 | INFO    |   点云: D:\YHC\人头项目\ear_project\output\parameterized_points
2026-07-03 16:52:36 | INFO    |   QC:   D:\YHC\人头项目\ear_project\output\qc
2026-07-03 16:52:36 | INFO    |   日志: D:\YHC\人头项目\ear_project\output\logs
2026-07-03 16:52:36 | INFO    | ============================================================
