2026-07-06 09:06:48 | INFO    | ============================================================
2026-07-06 09:06:48 | INFO    | 开始一键模拟流程
2026-07-06 09:06:48 | INFO    | 项目根目录: D:\YHC\人头项目\ear_project
2026-07-06 09:06:48 | INFO    | ============================================================
2026-07-06 09:06:48 | INFO    | ============================================================
2026-07-06 09:06:48 | INFO    | 生成模拟数据
2026-07-06 09:06:48 | INFO    | ============================================================
2026-07-06 09:06:48 | INFO    | 
--- S001: seed=42, noise=0.25 ---
2026-07-06 09:06:48 | INFO    |   Mesh: D:\YHC\人头项目\ear_project\data\clean_mesh\S001_R.ply (6400 顶点, 12482 面)
2026-07-06 09:06:48 | INFO    |   Landmarks: D:\YHC\人头项目\ear_project\data\landmarks\S001_R_landmarks.csv (13 个特征点)
2026-07-06 09:06:48 | INFO    | 
--- S002: seed=123, noise=0.35 ---
2026-07-06 09:06:48 | INFO    |   Mesh: D:\YHC\人头项目\ear_project\data\clean_mesh\S002_R.ply (6400 顶点, 12482 面)
2026-07-06 09:06:48 | INFO    |   Landmarks: D:\YHC\人头项目\ear_project\data\landmarks\S002_R_landmarks.csv (13 个特征点)
2026-07-06 09:06:48 | INFO    | 
--- S003: seed=999, noise=0.28 ---
2026-07-06 09:06:48 | INFO    |   Mesh: D:\YHC\人头项目\ear_project\data\clean_mesh\S003_R.ply (6400 顶点, 12482 面)
2026-07-06 09:06:48 | INFO    |   Landmarks: D:\YHC\人头项目\ear_project\data\landmarks\S003_R_landmarks.csv (13 个特征点)
2026-07-06 09:06:48 | INFO    | 
模拟数据生成完成.

2026-07-06 09:06:48 | DEBUG   | 读取 CSV: D:\YHC\人头项目\ear_project\config\region_table.csv (encoding=gbk)
2026-07-06 09:06:48 | INFO    | 区域表: 5 个区域
2026-07-06 09:06:48 | INFO    |   T001: 耳甲腔上区, resolution=8, 预期点数=45, PCA=是
2026-07-06 09:06:48 | INFO    |   T002: 耳甲腔下区, resolution=8, 预期点数=45, PCA=是
2026-07-06 09:06:48 | INFO    |   T003: 耳甲腔前区, resolution=8, 预期点数=45, PCA=是
2026-07-06 09:06:48 | INFO    |   T004: 耳屏区, resolution=6, 预期点数=28, PCA=否
2026-07-06 09:06:48 | INFO    |   T005: 对耳屏区, resolution=6, 预期点数=28, PCA=否
2026-07-06 09:06:48 | INFO    | 
============================================================
2026-07-06 09:06:48 | INFO    | 开始批量参数化...
2026-07-06 09:06:48 | INFO    | ============================================================
2026-07-06 09:06:48 | INFO    | 
--- 处理 S001_R ---
2026-07-06 09:06:48 | INFO    | 
--- 处理 S002_R ---
2026-07-06 09:06:48 | INFO    | 
--- 处理 S003_R ---
2026-07-06 09:06:48 | INFO    | 
============================================================
2026-07-06 09:06:48 | INFO    | 批量参数化完成 - 最终摘要
2026-07-06 09:06:48 | INFO    | ============================================================
2026-07-06 09:06:48 | INFO    |   OK S001_R: 总点=191, PASS=5, WARN=0, FAIL=0
2026-07-06 09:06:48 | INFO    |   OK S002_R: 总点=191, PASS=5, WARN=0, FAIL=0
2026-07-06 09:06:48 | INFO    |   OK S003_R: 总点=191, PASS=5, WARN=0, FAIL=0
2026-07-06 09:06:48 | INFO    | 
输出目录:
2026-07-06 09:06:48 | INFO    |   点云: D:\YHC\人头项目\ear_project\output\parameterized_points
2026-07-06 09:06:48 | INFO    |   QC:   D:\YHC\人头项目\ear_project\output\qc
2026-07-06 09:06:48 | INFO    |   日志: D:\YHC\人头项目\ear_project\output\logs
2026-07-06 09:06:48 | INFO    | ============================================================
